[novastraders.com/index.html]
[backblue.gif]
[fade.gif]
[index.html]
[novastraders.com/assets/img/favicon.png]
[novastraders.com/assets/css/main.css]
[www.smartsuppchat.com/loaderd41d.js]
[novastraders.com/account/login.html]
[novastraders.com/account/register.html]
[novastraders.com/index-2.html]
[novastraders.com/bb/logo.png]
[novastraders.com/about.html]
[novastraders.com/contact.html]
[novastraders.com/terms.html]
[translate.google.com/translate_a/elementa0d8.js]
[novastraders.com/translate.google.com/translate_a/elementa0d8a0d8a0d8.html]
[novastraders.com/assets/img/shapes/circle.svg]
[novastraders.com/assets/img/shapes/hero-circle-left.png]
[novastraders.com/bb/a11.png]
[novastraders.com/assets/img/shapes/hero-right-top.png]
[novastraders.com/assets/img/shapes/hero-right-bottom.svg]
[novastraders.com/assets/img/shapes/migrate-shape-1.svg]
[novastraders.com/assets/img/shapes/plus-rounded.svg]
[novastraders.com/assets/img/shapes/migrate-frame.svg]
[novastraders.com/assets/img/shapes/line-wave.svg]
[novastraders.com/bb/btcgif2.gif]
[novastraders.com/assets/img/shapes/line-red-top.png]
[novastraders.com/assets/img/shapes/line-red.svg]
[novastraders.com/assets/img/shapes/frame.svg]
[novastraders.com/bb/ak004.png]
[novastraders.com/assets/img/home5/icon-4.png]
[novastraders.com/reseller-hosting.html]
[novastraders.com/assets/img/home5/icon-5.png]
[novastraders.com/cloud-hosting.html]
[novastraders.com/assets/img/home5/icon-6.png]
[novastraders.com/dedicated-server.html]
[novastraders.com/bb/dyp001.png]
[novastraders.com/assets/img/shapes/section-curve.png]
[novastraders.com/assets/img/consult-man.png]
[s3.tradingview.com/external-embedding/embed-widget-screener.js]
[novastraders.com/assets/img/shapes/service-shape.png]
[novastraders.com/assets/img/shapes/quote-icon.svg]
[novastraders.com/assets/img/client-1.png]
[novastraders.com/assets/img/five-star.svg]
[novastraders.com/assets/img/client-2.png]
[novastraders.com/assets/img/client-3.png]
[novastraders.com/assets/img/client-4.png]
[novastraders.com/assets/img/three-star.svg]
[novastraders.com/assets/img/client-5.png]
[novastraders.com/assets/img/client-6.png]
[novastraders.com/video/001.mp4]
[novastraders.com/assets/img/home2/shape/service-left-circle.svg]
[novastraders.com/bb/main.png]
[novastraders.com/assets/img/home2/shape/service-right-bottom.svg]
[novastraders.com/bb/pex2.png]
[novastraders.com/testimonials.html]
[novastraders.com/assets/img/visa.png]
[novastraders.com/assets/img/mastercard.png]
[novastraders.com/assets/img/payoneer.png]
[novastraders.com/assets/img/paypal.png]
[novastraders.com/assets/js/vendors/jquery.min.js]
[novastraders.com/assets/js/vendors/popper.min.js]
[novastraders.com/assets/js/vendors/bootstrap.min.js]
[novastraders.com/assets/js/vendors/easing.min.js]
[novastraders.com/assets/js/vendors/swiper.min.js]
[novastraders.com/assets/js/vendors/massonry.min.js]
[novastraders.com/assets/js/vendors/bootstrap-slider.js]
[novastraders.com/assets/js/vendors/magnific-popup.js]
[novastraders.com/assets/js/vendors/waypoints.js]
[novastraders.com/assets/js/vendors/counterup.js]
[novastraders.com/assets/js/vendors/isotop.pkgd.min.js]
[novastraders.com/index.html]
[novastraders.com/assets/js/app.js]
[novastraders.com/assets/fonts/fa-brands-400.woff2]
[novastraders.com/assets/fonts/fa-brands-400.ttf]
[novastraders.com/assets/fonts/fa-regular-400.woff2]
[novastraders.com/assets/fonts/fa-regular-400.ttf]
[novastraders.com/assets/fonts/fa-solid-900.woff2]
[novastraders.com/assets/fonts/fa-v4compatibility.woff2]
[novastraders.com/assets/fonts/fa-v4compatibility.ttf]
[novastraders.com/assets/fonts/fa-solid-900.ttf]
[novastraders.com/assets/img/home2/shape/curve-line.svg]
[novastraders.com/assets/img/shapes/title-shape-left.png]
[novastraders.com/assets/img/shapes/title-shape-right.png]
[novastraders.com/assets/img/home2/badge.png]
[novastraders.com/assets/img/shapes/circle-double-half.png]
[novastraders.com/assets/img/shapes/gm-title-left.png]
[novastraders.com/assets/img/shapes/gm-title-right.png]
[novastraders.com/assets/img/shapes/about-title-shape.png]
[novastraders.com/assets/img/shapes/gm-subtitle.png]
[novastraders.com/assets/css/main.css]
[novastraders.com/assets/css/custom.css]
[novastraders.com/“https_/www.smartsupp.html]
[novastraders.com/account/favicon.ico]
[novastraders.com/account/assets/css/appsf488.css]
[novastraders.com/account/index.html]
[novastraders.com/account/password/forget.html]
[novastraders.com/account/assets/js/app.js]
[novastraders.com/account/assets/js/bundle.js]
[novastraders.com/account/“https_/www.smartsupp.61.delayed]
[novastraders.com/account/login.html]
[novastraders.com/account/register.html]
[novastraders.com/index-2.html]
[novastraders.com/account/login-2.html]
[novastraders.com/account/signup.html]
[novastraders.com/about.html]
[novastraders.com/assets/img/shapes/contact-hero-left.png]
[novastraders.com/assets/img/contact-bg-left.png]
[novastraders.com/assets/img/contact-bg-right.png]
[novastraders.com/contact.html]
[novastraders.com/terms.html]
[novastraders.com/translate.google.com/translate_a/elementa0d8a0d8a0d8.html]
[novastraders.com/cdn-cgi/scripts/5c5dd728/cloudflare-static/email-decode.min.html]
[novastraders.com/assets/img/shapes/circle.svg]
[novastraders.com/assets/img/shapes/hero-right-bottom.svg]
[novastraders.com/www.livecoinwatch.com/static/lcw-widget.html]
[novastraders.com/assets/img/shapes/migrate-shape-1.svg]
[novastraders.com/assets/img/shapes/plus-rounded.svg]
[novastraders.com/assets/img/shapes/migrate-frame.svg]
[novastraders.com/assets/img/shapes/line-wave.svg]
[novastraders.com/assets/img/shapes/line-red.svg]
[novastraders.com/assets/img/shapes/frame.svg]
[novastraders.com/reseller-hosting.html]
[novastraders.com/cloud-hosting.html]
[novastraders.com/dedicated-server.html]
[novastraders.com/assets/img/shapes/quote-icon.svg]
[novastraders.com/assets/img/five-star.svg]
[novastraders.com/assets/img/three-star.svg]
[novastraders.com/assets/img/home2/shape/service-left-circle.svg]
[novastraders.com/assets/img/home2/shape/service-right-bottom.svg]
[novastraders.com/index-3.html]
[novastraders.com/assets/img/client-7.png]
[novastraders.com/assets/img/brands/google.png]
[novastraders.com/assets/img/star-yellow.svg]
[novastraders.com/assets/img/brands/trust-pilot-logo-black.png]
[novastraders.com/testimonials.html]
[novastraders.com/assets/img/home2/shape/curve-line.svg]
[novastraders.com/account/assets/fonts/Roboto-Light.eot]
[novastraders.com/account/assets/fonts/Roboto-Lightd41d.eot]
[novastraders.com/account/assets/fonts/Roboto-Light.woff2]
[novastraders.com/account/assets/fonts/Roboto-Light.woff]
[novastraders.com/account/assets/fonts/Roboto-Light.ttf]
[novastraders.com/account/assets/fonts/Roboto-Regular.eot]
[novastraders.com/account/assets/fonts/Roboto-Regulard41d.eot]
[novastraders.com/account/assets/fonts/Roboto-Regular.woff2]
[novastraders.com/account/assets/fonts/Roboto-Regular.woff]
[novastraders.com/account/assets/fonts/Roboto-Regular.ttf]
[novastraders.com/account/assets/fonts/Roboto-Medium.eot]
[novastraders.com/account/assets/fonts/Roboto-Mediumd41d.eot]
[novastraders.com/account/assets/fonts/Roboto-Medium.woff2]
[novastraders.com/account/assets/fonts/Roboto-Medium.woff]
[novastraders.com/account/assets/fonts/Roboto-Medium.ttf]
[novastraders.com/account/assets/fonts/Roboto-Bold.eot]
[novastraders.com/account/assets/fonts/Roboto-Boldd41d.eot]
[novastraders.com/account/assets/fonts/Roboto-Bold.woff2]
[novastraders.com/account/assets/fonts/Roboto-Bold.woff]
[novastraders.com/account/assets/fonts/Roboto-Bold.ttf]
[novastraders.com/account/assets/fonts/Nioicon533f.eot]
[novastraders.com/account/assets/fonts/Nioicon533f.ttf]
[novastraders.com/account/assets/fonts/Nioicon533f.woff]
[novastraders.com/account/assets/css/appsf488.css]
[novastraders.com/account/index.html]
[novastraders.com/account/assets/fonts/Nioicon533f.svg]
[novastraders.com/account/password/“https_/www.smartsupp.com”]
[novastraders.com/account/password/forget.html]
[novastraders.com/account/“https_/www.smartsupp.html]
[novastraders.com/account/login-2.html]
[novastraders.com/account/signup.html]
[novastraders.com/translate.google.com/translate_a/elementa0d8a0d8.html]
[novastraders.com/assets/img/star-yellow.svg]
[novastraders.com/account/assets/fonts/Nioicon533f.svg]
[novastraders.com/account/password/“https_/www.smartsupp.html]
